2026-05-20 20:10:44,270 INFO o.a.j.u.JMeterUtils: Setting Locale to en_EN
2026-05-20 20:10:44,284 INFO o.a.j.JMeter: Loading user properties from: user.properties
2026-05-20 20:10:44,285 INFO o.a.j.JMeter: Loading system properties from: /opt/homebrew/Cellar/jmeter/5.6.3/libexec/bin/system.properties
2026-05-20 20:10:44,288 INFO o.a.j.JMeter: Copyright (c) 1998-2024 The Apache Software Foundation
2026-05-20 20:10:44,288 INFO o.a.j.JMeter: Version 5.6.3
2026-05-20 20:10:44,288 INFO o.a.j.JMeter: java.version=21.0.9
2026-05-20 20:10:44,288 INFO o.a.j.JMeter: java.vm.name=OpenJDK 64-Bit Server VM
2026-05-20 20:10:44,288 INFO o.a.j.JMeter: os.name=Mac OS X
2026-05-20 20:10:44,288 INFO o.a.j.JMeter: os.arch=aarch64
2026-05-20 20:10:44,288 INFO o.a.j.JMeter: os.version=15.3
2026-05-20 20:10:44,288 INFO o.a.j.JMeter: file.encoding=UTF-8
2026-05-20 20:10:44,288 INFO o.a.j.JMeter: java.awt.headless=null
2026-05-20 20:10:44,288 INFO o.a.j.JMeter: Max memory     =1073741824
2026-05-20 20:10:44,288 INFO o.a.j.JMeter: Available Processors =8
2026-05-20 20:10:44,294 INFO o.a.j.JMeter: Default Locale=English (EN)
2026-05-20 20:10:44,295 INFO o.a.j.JMeter: JMeter  Locale=English (EN)
2026-05-20 20:10:44,295 INFO o.a.j.JMeter: JMeterHome=/opt/homebrew/Cellar/jmeter/5.6.3/libexec
2026-05-20 20:10:44,295 INFO o.a.j.JMeter: user.dir  =/Users/sasailin/Desktop/Учебные_дисциплины/ТПО/tpo_lab4
2026-05-20 20:10:44,295 INFO o.a.j.JMeter: PWD       =/Users/sasailin/Desktop/Учебные_дисциплины/ТПО/tpo_lab4
2026-05-20 20:10:44,297 INFO o.a.j.JMeter: IP: 127.0.0.1 Name: MacBook-Air-Sasa-2.local FullName: localhost
2026-05-20 20:10:44,304 INFO o.a.j.JMeter: Loaded icon properties from org/apache/jmeter/images/icon.properties
2026-05-20 20:10:45,045 INFO o.a.j.JMeterGuiLauncher: Setting LAF to: com.github.weisj.darklaf.DarkLaf:com.github.weisj.darklaf.theme.DarculaTheme
2026-05-20 20:10:46,290 INFO o.a.j.r.ClassFinder: Will scan jar /opt/homebrew/Cellar/jmeter/5.6.3/libexec/lib/ext/jmeter-plugins-manager-1.9.jar with filter ExtendsClassFilter [parents=[interface org.apache.jmeter.gui.action.Command], inner=false, contains=null, notContains=null]. Consider exposing JMeter plugins via META-INF/services, and add JMeter-Skip-Class-Scanning=true manifest attribute so JMeter can skip classfile scanning
2026-05-20 20:10:46,363 INFO o.a.j.r.ClassFinder: Will scan jar /opt/homebrew/Cellar/jmeter/5.6.3/libexec/lib/ext/jmeter-plugins-manager-1.9.jar with filter ExtendsClassFilter [parents=[interface org.apache.jmeter.gui.plugin.MenuCreator], inner=false, contains=null, notContains=null]. Consider exposing JMeter plugins via META-INF/services, and add JMeter-Skip-Class-Scanning=true manifest attribute so JMeter can skip classfile scanning
2026-05-20 20:10:46,430 INFO o.j.r.JARSourceHTTP: Requesting https://jmeter-plugins.org/repo/?installID=mac_os_x-8d0638818154ef45303a59bdcddaae0c-gui
2026-05-20 20:10:48,135 INFO o.j.r.PluginManager: Plugins Status: [jpgc-plugins-manager=1.9, jmeter-core=5.6.3, jmeter-ftp=5.6.3, jmeter-http=5.6.3, jmeter-jdbc=5.6.3, jmeter-jms=5.6.3, jmeter-junit=5.6.3, jmeter-java=5.6.3, jmeter-ldap=5.6.3, jmeter-mail=5.6.3, jmeter-mongodb=5.6.3, jmeter-native=5.6.3, jmeter-tcp=5.6.3, jmeter-components=5.6.3]
2026-05-20 20:10:48,136 INFO o.j.r.PluginManagerMenuItem: Plugins Manager has upgrades: [jpgc-plugins-manager]
2026-05-20 20:11:01,060 INFO o.a.j.s.FileServer: Default base='/Users/sasailin/Desktop/Учебные_дисциплины/ТПО/tpo_lab4'
2026-05-20 20:11:01,062 INFO o.a.j.g.a.Load: Loading file: /Users/sasailin/Desktop/Учебные_дисциплины/ТПО/tpo_lab4/load/test-plan.jmx
2026-05-20 20:11:01,062 INFO o.a.j.s.FileServer: Set new base='/Users/sasailin/Desktop/Учебные_дисциплины/ТПО/tpo_lab4/load'
2026-05-20 20:11:01,162 INFO o.a.j.s.SaveService: Testplan (JMX) version: 2.2. Testlog (JTL) version: 2.2
2026-05-20 20:11:01,166 INFO o.a.j.s.SaveService: Using SaveService properties version 5.0
2026-05-20 20:11:01,167 INFO o.a.j.s.SaveService: Using SaveService properties file encoding UTF-8
2026-05-20 20:11:01,168 INFO o.a.j.s.SaveService: Loading file: /Users/sasailin/Desktop/Учебные_дисциплины/ТПО/tpo_lab4/load/test-plan.jmx
2026-05-20 20:11:01,219 INFO o.a.j.p.h.s.HTTPSamplerBase: Parser for text/html is org.apache.jmeter.protocol.http.parser.LagartoBasedHtmlParser
2026-05-20 20:11:01,219 INFO o.a.j.p.h.s.HTTPSamplerBase: Parser for application/xhtml+xml is org.apache.jmeter.protocol.http.parser.LagartoBasedHtmlParser
2026-05-20 20:11:01,219 INFO o.a.j.p.h.s.HTTPSamplerBase: Parser for application/xml is org.apache.jmeter.protocol.http.parser.LagartoBasedHtmlParser
2026-05-20 20:11:01,219 INFO o.a.j.p.h.s.HTTPSamplerBase: Parser for text/xml is org.apache.jmeter.protocol.http.parser.LagartoBasedHtmlParser
2026-05-20 20:11:01,219 INFO o.a.j.p.h.s.HTTPSamplerBase: Parser for text/vnd.wap.wml is org.apache.jmeter.protocol.http.parser.RegexpHTMLParser
2026-05-20 20:11:01,219 INFO o.a.j.p.h.s.HTTPSamplerBase: Parser for text/css is org.apache.jmeter.protocol.http.parser.CssParser
2026-05-20 20:11:01,499 INFO o.a.j.s.FileServer: Set new base='/Users/sasailin/Desktop/Учебные_дисциплины/ТПО/tpo_lab4/load'
2026-05-20 20:40:07,951 INFO o.a.j.g.a.Load: Loading file: /Users/sasailin/Desktop/Учебные_дисциплины/ТПО/tpo_lab4/stress/test-plan.jmx
2026-05-20 20:40:07,953 INFO o.a.j.s.FileServer: Set new base='/Users/sasailin/Desktop/Учебные_дисциплины/ТПО/tpo_lab4/stress'
2026-05-20 20:40:07,953 INFO o.a.j.s.SaveService: Loading file: /Users/sasailin/Desktop/Учебные_дисциплины/ТПО/tpo_lab4/stress/test-plan.jmx
2026-05-20 20:40:08,006 INFO o.a.j.s.FileServer: Set new base='/Users/sasailin/Desktop/Учебные_дисциплины/ТПО/tpo_lab4/stress'
